  Determining projects to restore...
  All projects are up-to-date for restore.
C:\Program Files\dotnet\sdk\10.0.200-preview.0.26103.119\Sdks\Microsoft.NET.Sdk\targets\Microsoft.NET.RuntimeIdentifierInference.targets(383,5): message NETSDK1057: You are using a preview version of .NET. See: https://aka.ms/dotnet-support-policy [C:\Users\Zafar\Desktop\RealTimeLocationPOC\RealTimeLocationPOC.Web\RealTimeLocationPOC.Web.csproj]
C:\Users\Zafar\Desktop\RealTimeLocationPOC\RealTimeLocationPOC.Web\Components\Pages\EmployeePage.razor(2,28): error CS0234: The type or namespace name 'Api' does not exist in the namespace 'RealTimeLocationPOC' (are you missing an assembly reference?) [C:\Users\Zafar\Desktop\RealTimeLocationPOC\RealTimeLocationPOC.Web\RealTimeLocationPOC.Web.csproj]
C:\Users\Zafar\Desktop\RealTimeLocationPOC\RealTimeLocationPOC.Web\Components\Pages\EmployeePage.razor(82,13): error CS0246: The type or namespace name 'LocationPing' could not be found (are you missing a using directive or an assembly reference?) [C:\Users\Zafar\Desktop\RealTimeLocationPOC\RealTimeLocationPOC.Web\RealTimeLocationPOC.Web.csproj]

Build FAILED.

C:\Users\Zafar\Desktop\RealTimeLocationPOC\RealTimeLocationPOC.Web\Components\Pages\EmployeePage.razor(2,28): error CS0234: The type or namespace name 'Api' does not exist in the namespace 'RealTimeLocationPOC' (are you missing an assembly reference?) [C:\Users\Zafar\Desktop\RealTimeLocationPOC\RealTimeLocationPOC.Web\RealTimeLocationPOC.Web.csproj]
C:\Users\Zafar\Desktop\RealTimeLocationPOC\RealTimeLocationPOC.Web\Components\Pages\EmployeePage.razor(82,13): error CS0246: The type or namespace name 'LocationPing' could not be found (are you missing a using directive or an assembly reference?) [C:\Users\Zafar\Desktop\RealTimeLocationPOC\RealTimeLocationPOC.Web\RealTimeLocationPOC.Web.csproj]
    0 Warning(s)
    2 Error(s)

Time Elapsed 00:00:01.54
